Case #1: our language is impossible to understand
Case #2: there are twenty six factorial possibilities
Case #3: so it is okay if you want to just give up
Case #4: xoggk d yl wxo vkkvgo ekso uyl wonw sywy
Case #5: xkf yto akj
Case #6: yabba dabba yabba dabba yabba dabba yabba dabba yabba dabba yabba dabba yabba dabba yabba dooooooooo
Case #7: a b c d e f g h i j k l m n o p q r s t u v y w x y z now i know my abcs
Case #8: next time wont you sing with me
Case #9: it was the best of times it was the blurst of times
Case #10: now is the summer of our lack of discontent
Case #11: you pissed off the chicken lady
Case #12: pneumonoultramicroscopicsilicovolcanoconiosis
Case #13: our code jam is like the pythagorean theorem
Case #14: there is no answer
Case #15: you want sell things at me boing zooom
Case #16: swift as the wind quiet as the forest steady as the mountain
Case #17: greetings cheese popsicle the number you have dialed is currently out of porkchops
Case #18: all your base are belong to error the spoony bard
Case #19: you better cut the pizza in four pieces because im not hungry enough to eat six
Case #20: this is so exciting i have to go the bathroom
Case #21: whoooooooooooooooooooaaaaaaaaa i know c plus plus
Case #22: now that you know googlerese please do not use it to hack into our systems
Case #23: f of two equals f of one equals one
Case #24: for i between three and n f of i equals f of i minus one plus f of i minus two
Case #25: how are you holding up because im a potato
Case #26: right i forgot here in the states you call it a sausage in the mouth
Case #27: translating text is not goros strength
Case #28: strength is goros strength
Case #29: an eye for an eye and a pigeon for a pigeon
Case #30: im commander shepard and this is my favorite problem on the google code jam
